warning: Signature Collection global collection failed with 1 error; cross-module imports may not resolve.
  first error: error[E0002]: cannot find type `NoSuchType` in this scope (at 24..34)
  hint: run `tungsten doctor check module signature-collection <file>` for details
[E0002] Error: cannot find type `NoSuchType` in this scope
   ╭─[tests/golden/error/adt_body_fault_ctor_residue/events.tg:1:25]
   │
 1 │ pub type Event = | Tick(NoSuchType) | Tock(Nat)
   │                         ─────┬────  
   │                              ╰────── not found in this scope
───╯

error: aborting due to 1 error
