warning: Signature Collection global collection failed with 1 error; cross-module imports may not resolve.
  first error: error[E0002]: cannot find type `NoSuchType` in this scope (at 25..35)
  hint: run `tungsten doctor check module signature-collection <file>` for details
[E0002] Error: cannot find type `NoSuchType` in this scope
   ╭─[tests/golden/error/signature_fault_reports_once/lib.tg:1:26]
   │
 1 │ pub fn helper(x: Nat) -> NoSuchType { x }
   │                          ─────┬────  
   │                               ╰────── not found in this scope
───╯

error: aborting due to 1 error
