[E0010] Error: expected `Nat`, found `String`
   ╭─[tests/golden/error/walk_reports_every_failing_module/alpha.tg:1:32]
   │
 1 │ pub fn alpha_broken() -> Nat { "not a nat" }
   │                          ─┬─   ─────┬─────  
   │                           ╰───────────────── expected due to return type
   │                                     │       
   │                                     ╰─────── expected `Nat`, found `String`
───╯
[E0010] Error: expected `Bool`, found `Nat`
   ╭─[tests/golden/error/walk_reports_every_failing_module/beta.tg:1:32]
   │
 1 │ pub fn beta_broken() -> Bool { 42 }
   │                         ──┬─   ─┬  
   │                           ╰──────── expected due to return type
   │                                 │  
   │                                 ╰── expected `Bool`, found `Nat`
───╯

error: aborting due to 2 errors
